0.1 sign_test
0.1 sign_test
0.1 sign_test
0.1 sign_test
0.1 sign_test
0.1 sign_test
0.1 sign_test
0.1 sign_test
0.1 sign_test
0.1 sign_test
0.1 sign_test
0.1 sign_test
0.1 sign_test
0.1 sign_test
0.1 sign_test
0.1 sign_test
0.1 sign_test
0.1 sign_test
0.1 sign_test
0.1 sign_test
0.1 sign_test
0.1 sign_test
0.1 sign_test
0.1 sign_test
0.1 sign_test
0.1 sign_test
0.1 sign_test
0.1 sign_test
0.1 sign_test
0.1 sign_test
0.1 sign_test
0.1 sign_test
0.1 sign_test
0.1 sign_test
0.1 sign_test
0.1 sign_test
0.1 sign_test
0.1 sign_test
0.1 sign_test
0.1 sign_test
0.1 sign_test
0.1 sign_test
0.1 sign_test
0.1 sign_test
0.1 sign_test
0.1 sign_test
0.1 sign_test
0.1 sign_test
0.2 sign_test
0.2 sign_test
0.2 sign_test
0.2 sign_test
0.2 sign_test
0.2 sign_test
0.2 sign_test
0.2 sign_test
0.2 sign_test
0.2 sign_test
0.2 sign_test
0.2 sign_test
0.2 sign_test
0.2 sign_test
0.2 sign_test
0.2 sign_test
0.2 sign_test
0.2 sign_test
0.2 sign_test
0.2 sign_test
0.2 sign_test
0.2 sign_test
0.2 sign_test
0.2 sign_test
0.2 sign_test
0.2 sign_test
0.2 sign_test
0.2 sign_test
0.2 sign_test
0.2 sign_test
0.2 sign_test
0.2 sign_test
0.2 sign_test
0.2 sign_test
0.2 sign_test
0.2 sign_test
0.2 sign_test
0.2 sign_test
0.2 sign_test
0.2 sign_test
0.2 sign_test
0.2 sign_test
0.2 sign_test
0.2 sign_test
0.2 sign_test
0.2 sign_test
0.2 sign_test
0.2 sign_test

