6.024620532989502 7.753967702388763 11.178397178649902 24.4591007232666
6.537644386291504 9.501898348331451 12.495647430419922 27.955842971801758
6.135720252990723 9.715029418468475 11.117488861083984 26.482812881469727
5.343623161315918 8.328654289245605 10.177021980285645 22.33080291748047
6.275196075439453 8.647837400436401 12.198432922363281 26.46853256225586
5.78431510925293 6.32087630033493 10.430037498474121 23.408864974975586
4.781194686889648 7.048721671104431 11.72681713104248 26.667848587036133
5.248358726501465 8.110334694385529 11.612520217895508 25.149921417236328
4.718475818634033 6.760423719882965 11.085078239440918 25.966856002807617
5.6641740798950195 7.878234922885895 9.209397315979004 19.860973358154297
5.218988418579102 7.214462220668793 10.366318702697754 22.935264587402344
5.548035621643066 8.39935827255249 9.866183280944824 22.024084091186523
6.520351886749268 9.592553853988647 11.482808113098145 25.805679321289062
5.785373687744141 9.23954951763153 10.960081100463867 24.675363540649414
5.792937755584717 8.486637234687805 11.807588577270508 26.439937591552734
5.776373863220215 7.9277104139328 10.673392295837402 24.354244232177734
5.5064005851745605 7.988739848136902 11.312675476074219 25.568525314331055
5.714076519012451 8.417722702026367 11.538386344909668 25.093509674072266
3.3253395557403564 5.472445785999298 10.086005210876465 23.0506591796875
5.092515468597412 5.374164044857025 11.464847564697266 25.942121505737305
6.0869550704956055 7.795861661434174 9.639607429504395 21.09896469116211
5.292506217956543 6.584423780441284 10.995237350463867 24.939611434936523
6.169934272766113 9.715111553668976 12.19195556640625 27.29186248779297
4.956217288970947 7.386681616306305 9.356922149658203 20.13972282409668
5.24053430557251 7.172455847263336 12.247049331665039 26.578128814697266
5.627264976501465 7.461507558822632 10.374735832214355 23.069429397583008
4.8744072914123535 6.565671622753143 11.00598430633545 25.44710922241211
5.538237571716309 7.312988042831421 10.819974899291992 24.685441970825195
4.716960906982422 6.011484980583191 11.561539649963379 25.2436580657959
4.336472511291504 6.902464389801025 11.447202682495117 25.906396865844727
4.40108585357666 6.307844877243042 9.205575942993164 21.10096549987793
5.8478899002075195 7.55129200220108 11.16490650177002 24.561479568481445
5.031476974487305 7.855827569961548 9.799302101135254 22.005977630615234
4.854080677032471 7.0452752113342285 10.942418098449707 24.620933532714844
5.290195465087891 6.7329235672950745 9.49256706237793 21.545944213867188
6.04876708984375 9.518374562263489 11.337652206420898 25.202037811279297
5.308603286743164 7.376288831233978 10.165791511535645 23.53052520751953
5.477292060852051 7.794278562068939 11.051751136779785 24.572940826416016
3.684492588043213 5.438493490219116 10.468683242797852 23.304229736328125
4.537805557250977 5.6775049567222595 11.979278564453125 26.07404899597168
5.168197154998779 8.461610674858093 11.15394401550293 25.78752899169922
4.808836460113525 5.534163236618042 11.365710258483887 26.249652862548828
4.326236724853516 7.8224791288375854 10.360020637512207 23.383155822753906
4.749549865722656 6.771000862121582 9.979683876037598 22.102073669433594
5.973477840423584 8.59122222661972 9.491525650024414 19.85045623779297
4.716843605041504 6.787834823131561 10.19213581085205 22.10846710205078
3.9741995334625244 5.797687232494354 8.65317153930664 20.218730926513672
3.642265796661377 6.1585723757743835 11.093278884887695 25.740047454833984
4.173069000244141 5.95533299446106 10.629781723022461 23.44332504272461
4.687473297119141 7.664619028568268 9.956825256347656 21.271102905273438
5.413235664367676 7.330339729785919 11.739142417907715 24.802640914916992
4.57237434387207 6.412541568279266 10.418038368225098 22.831392288208008
4.974827766418457 7.350432097911835 10.987191200256348 25.857555389404297
4.746793746948242 7.541046380996704 10.932819366455078 25.038990020751953
5.224183082580566 6.713146507740021 10.610292434692383 23.76537322998047
4.418652534484863 6.990057051181793 10.272546768188477 22.481395721435547
5.699953079223633 8.627119302749634 10.835318565368652 24.0390682220459
4.09672737121582 5.681445062160492 10.049954414367676 22.12002944946289
4.757003307342529 7.7049426436424255 12.350383758544922 27.594520568847656
5.20438814163208 7.083775758743286 9.768568992614746 21.78376579284668
3.8996424674987793 5.763125419616699 10.71452522277832 24.319927215576172
5.9875712394714355 8.822354674339294 10.34496021270752 23.241907119750977
6.308770179748535 9.559856355190277 10.1685209274292 22.711782455444336
5.6286163330078125 8.630159080028534 10.954268455505371 24.294620513916016
5.316050052642822 6.155938982963562 9.376824378967285 21.289899826049805
6.626112937927246 8.753449022769928 11.952231407165527 26.911928176879883
6.020792484283447 9.010477244853973 11.035178184509277 24.651548385620117
4.79515266418457 7.55013769865036 9.496606826782227 21.216825485229492
4.478546142578125 7.001762270927429 10.699304580688477 24.408903121948242
5.9068498611450195 7.612208187580109 11.119673728942871 25.358705520629883
5.629063129425049 8.610074639320374 10.67302131652832 23.82744026184082
5.688787460327148 7.640452742576599 11.205591201782227 25.55101203918457
6.10675048828125 9.394969463348389 11.327938079833984 23.86407470703125
5.386534690856934 7.807382822036743 10.826428413391113 24.942256927490234
3.5931100845336914 5.387207329273224 11.572259902954102 26.388032913208008
4.466794967651367 7.37514454126358 10.135621070861816 22.455595016479492
6.340997695922852 8.49509871006012 10.893876075744629 24.12183380126953
4.8476457595825195 6.480967462062836 10.11814022064209 22.2425594329834
5.75168514251709 7.8942758440971375 9.813157081604004 21.763017654418945
6.738990783691406 10.095930933952332 11.538348197937012 24.934694290161133
5.30550479888916 7.997686147689819 10.79963207244873 25.000280380249023
6.20846700668335 8.754059433937073 9.397419929504395 21.05936050415039
6.891840934753418 9.915847599506378 10.861465454101562 24.106138229370117
5.3016743659973145 7.471585810184479 10.378911972045898 23.799449920654297
6.042974472045898 8.376235961914062 10.460175514221191 22.773292541503906
6.44635009765625 9.168515861034393 11.330672264099121 24.386735916137695
5.100079536437988 7.666004061698914 10.226617813110352 21.85466194152832
4.348306179046631 6.984730243682861 9.187348365783691 19.324371337890625
5.572347640991211 7.995446979999542 10.191868782043457 22.292470932006836
4.441104888916016 6.317306578159332 10.124887466430664 22.486299514770508
3.502096176147461 6.256496429443359 11.55852222442627 25.543989181518555
4.176752090454102 6.061845898628235 11.370160102844238 26.21696662902832
5.787528038024902 8.957569479942322 10.956832885742188 24.629764556884766
5.689141273498535 9.2024547457695 11.81408977508545 26.56586456298828
5.140488624572754 6.733197748661041 10.40099811553955 22.85692024230957
4.492471218109131 7.424041390419006 11.291447639465332 25.779273986816406
3.7779593467712402 5.8249412178993225 10.117955207824707 22.714862823486328
4.956091403961182 7.49615216255188 10.824634552001953 24.800607681274414
4.752322196960449 7.547183036804199 10.333353042602539 22.754051208496094
3.6270663738250732 4.701541483402252 10.025022506713867 22.110090255737305
4.612555027008057 6.291937708854675 10.518773078918457 23.32676124572754
5.6493401527404785 7.218078315258026 10.331400871276855 23.222023010253906
5.203275203704834 7.731294274330139 11.174370765686035 24.034954071044922
5.22705078125 7.324573040008545 9.840322494506836 21.440536499023438
4.794516563415527 7.333680331707001 11.144990921020508 24.558942794799805
6.341941833496094 9.15522301197052 12.168569564819336 26.31467628479004
5.862873554229736 7.917044401168823 11.11871337890625 24.776121139526367
5.679187297821045 7.70344752073288 9.221587181091309 21.052587509155273
5.254206657409668 6.39029586315155 11.744425773620605 26.78982162475586
4.548182964324951 6.871431648731232 11.149842262268066 25.333803176879883
4.4594597816467285 5.58504194021225 11.752349853515625 27.516817092895508
5.604348182678223 8.018892884254456 10.645097732543945 24.564987182617188
4.789473056793213 7.4687435030937195 10.570744514465332 25.290985107421875
5.026280879974365 7.114880383014679 12.186747550964355 28.308025360107422
5.311311721801758 8.38685542345047 9.786563873291016 21.668973922729492
5.859344482421875 8.61704397201538 10.553260803222656 22.924657821655273
5.5995659828186035 8.960753202438354 10.27531909942627 22.92970848083496
4.930783748626709 7.464609742164612 11.768348693847656 25.797264099121094
6.396703243255615 9.35633385181427 11.013916969299316 24.790189743041992
4.862545013427734 6.295563459396362 11.055801391601562 25.295732498168945
5.815082550048828 7.869423151016235 9.981637001037598 22.08549690246582
5.545797348022461 7.48425030708313 10.113463401794434 22.25143814086914
4.70473051071167 6.487067461013794 9.259356498718262 20.867515563964844
4.46115255355835 7.770467162132263 11.331730842590332 25.550870895385742
4.924138069152832 7.585374414920807 10.85343074798584 23.832168579101562
5.534703731536865 6.49089115858078 11.065138816833496 25.732912063598633
5.624767780303955 8.190759599208832 10.372106552124023 22.97723388671875
6.04135799407959 7.79097980260849 11.127144813537598 24.98533058166504
4.917771339416504 6.304182767868042 10.872028350830078 24.807443618774414
3.586884021759033 5.789434194564819 10.228429794311523 22.876108169555664
3.911869525909424 6.042749345302582 9.844170570373535 21.451257705688477
5.645268440246582 8.266098082065582 10.786532402038574 23.86499786376953
3.834442138671875 5.8087217807769775 9.465437889099121 21.255578994750977
6.081593990325928 9.43896359205246 11.497288703918457 25.33439064025879
5.426266193389893 8.257800340652466 10.822028160095215 23.715585708618164
5.9117536544799805 8.33929979801178 10.761969566345215 23.63709831237793
6.13520622253418 8.082361400127411 9.724627494812012 21.001632690429688
5.311895847320557 7.607327938079834 11.825300216674805 27.540802001953125
5.244060039520264 7.665027141571045 10.695527076721191 23.404680252075195
6.011826515197754 9.544021785259247 11.814996719360352 26.793302536010742
5.448229789733887 7.925374150276184 12.099130630493164 27.288583755493164
6.040602684020996 9.104449987411499 12.18949031829834 27.42901611328125
4.605494976043701 7.169078826904297 9.929023742675781 23.285614013671875
4.9736127853393555 6.769432365894318 10.693500518798828 23.2747859954834
5.124488830566406 7.470763921737671 11.528504371643066 24.687721252441406
6.34318733215332 9.019370138645172 9.813082695007324 21.145143508911133
5.561620712280273 8.364843726158142 11.03017520904541 24.124582290649414
6.214177131652832 8.506656050682068 9.805082321166992 21.841156005859375
4.964188575744629 7.484063386917114 10.094660758972168 23.296598434448242
4.544024467468262 6.4230804443359375 10.13836669921875 22.63580322265625
4.806435585021973 6.338983595371246 10.87995719909668 23.842056274414062
4.542022705078125 7.019679129123688 11.106107711791992 25.13142204284668
5.705153465270996 7.70595246553421 10.787727355957031 23.9186954498291
4.833098411560059 8.034283697605133 12.770721435546875 29.600618362426758
6.451764106750488 8.28295236825943 10.16723918914795 22.367841720581055
5.811591148376465 7.592922031879425 9.705068588256836 22.445398330688477
5.96916389465332 7.351663887500763 10.188727378845215 22.81305503845215
6.040237903594971 9.03457772731781 10.149747848510742 21.296566009521484
7.2190022468566895 11.122139394283295 12.217611312866211 26.7336368560791
4.406940937042236 6.744086265563965 10.606945991516113 23.281993865966797
5.308395862579346 7.75510311126709 10.685389518737793 23.295059204101562
5.5380167961120605 8.121896147727966 11.101550102233887 24.32185173034668
4.232297420501709 5.245107173919678 9.854973793029785 22.35521125793457
3.817129135131836 6.394346594810486 10.56727409362793 23.30545997619629
5.721546173095703 8.360302448272705 12.851872444152832 30.863168716430664
4.138470649719238 6.184665024280548 8.941801071166992 20.678197860717773
5.313483238220215 7.061104416847229 11.037707328796387 24.05415916442871
5.566083908081055 8.50601476430893 12.046122550964355 27.049678802490234
3.9191195964813232 5.706261396408081 10.187772750854492 22.365312576293945
4.559447765350342 6.526358067989349 9.87195873260498 21.692529678344727
5.22940731048584 7.443847596645355 10.940999031066895 24.664669036865234
5.734484672546387 8.07224041223526 10.79672908782959 23.84329605102539
4.720280647277832 5.914043068885803 10.837821960449219 24.328105926513672
5.079324722290039 7.873781144618988 10.730151176452637 24.360469818115234
4.7156877517700195 7.111239790916443 11.001691818237305 23.887216567993164
4.168277740478516 5.696574568748474 11.135820388793945 25.50628089904785
5.028561592102051 6.6813658475875854 9.93813705444336 22.579837799072266
5.475088119506836 7.235113441944122 9.857048034667969 22.294591903686523
5.651739120483398 8.023322105407715 9.754836082458496 20.932653427124023
5.492770195007324 8.059446275234222 11.005197525024414 23.758670806884766
5.6098127365112305 8.484090924263 11.167073249816895 24.242862701416016
4.414716720581055 6.588955283164978 10.687051773071289 23.969036102294922
4.653579235076904 5.421307742595673 10.197366714477539 22.356544494628906
5.111017227172852 6.415589272975922 10.822660446166992 24.16619300842285
5.876826763153076 9.079434514045715 10.325037956237793 22.822351455688477
5.073957443237305 6.7823033928871155 11.002655029296875 24.61100959777832
4.503910541534424 6.014851152896881 12.6821928024292 28.331588745117188
5.5944108963012695 8.139580726623535 11.60424518585205 25.36235809326172
4.362489223480225 6.385018229484558 11.11718463897705 24.791912078857422
6.573338985443115 10.232249915599823 9.487236022949219 20.91292381286621
4.427333831787109 6.075640499591827 10.358037948608398 23.844284057617188
5.9141693115234375 7.511108934879303 10.26656723022461 23.047529220581055
4.264782905578613 4.411101877689362 10.474794387817383 22.924423217773438
5.378260612487793 8.170304834842682 10.726733207702637 24.92452621459961
5.5153961181640625 7.472887873649597 10.009682655334473 22.5091495513916
4.7550177574157715 7.796395182609558 9.866717338562012 21.7368106842041
5.55655574798584 7.438088834285736 10.95461654663086 24.251781463623047
5.37261438369751 8.252727031707764 9.932819366455078 22.603487014770508
5.033964157104492 5.853161036968231 10.770149230957031 23.689579010009766
6.138287544250488 8.75627088546753 11.202980995178223 24.898202896118164
7.355289936065674 11.576953053474426 11.757304191589355 25.81595802307129
5.466996669769287 6.97335809469223 9.433624267578125 21.081405639648438
6.194233417510986 9.490234434604645 10.305663108825684 22.77322006225586
3.613539695739746 5.669118046760559 10.634298324584961 24.971670150756836
5.061549186706543 6.376475274562836 11.347908973693848 25.88574981689453
6.4130449295043945 9.390548884868622 8.969979286193848 19.52650260925293
4.774844169616699 7.322807788848877 10.262333869934082 22.549999237060547
4.501585483551025 6.477540612220764 11.055920600891113 25.295351028442383
4.685682773590088 7.0579283237457275 9.809685707092285 22.322067260742188
5.797369956970215 8.323273181915283 11.022087097167969 24.159198760986328
4.5981950759887695 6.30787056684494 9.841461181640625 21.130380630493164
5.100757598876953 7.516792714595795 12.108798027038574 27.754026412963867
5.938889503479004 7.598577439785004 9.884428024291992 22.616893768310547
5.0114569664001465 5.65926331281662 10.477154731750488 24.322498321533203
6.011868476867676 8.385824918746948 10.60473346710205 23.34897804260254
4.814626693725586 6.155568897724152 11.259225845336914 25.00188446044922
4.659194469451904 6.882129073143005 9.583776473999023 21.868589401245117
4.48671817779541 5.499639809131622 10.009878158569336 22.665164947509766
6.26090145111084 7.176331996917725 9.830007553100586 21.851259231567383
5.561923503875732 7.531592965126038 10.480324745178223 22.958660125732422
5.174858570098877 7.845170855522156 10.045625686645508 21.736331939697266
4.881681442260742 5.811820685863495 10.609060287475586 23.55103302001953
5.665738105773926 7.19090735912323 10.1116361618042 22.886550903320312
5.284758567810059 6.28950160741806 9.440449714660645 20.837608337402344
5.52147102355957 6.23898720741272 11.15372371673584 24.57989501953125
6.081316947937012 7.234619855880737 9.375809669494629 20.450088500976562
6.056830883026123 9.394375920295715 12.159788131713867 27.14509391784668
5.427484512329102 7.938260495662689 11.684343338012695 26.8734130859375
5.4188232421875 8.380484461784363 10.790956497192383 23.738950729370117
4.810795783996582 7.2556310296058655 10.384565353393555 22.952566146850586
4.648653030395508 5.821586012840271 10.020553588867188 22.09752655029297
5.409955024719238 7.972232222557068 9.300640106201172 20.465747833251953
5.639830589294434 8.35215836763382 12.162643432617188 27.567781448364258
3.613819122314453 3.8158668875694275 10.03303050994873 21.723365783691406
5.47154426574707 7.507416546344757 11.01763916015625 25.062223434448242
3.7984695434570312 4.4578710198402405 9.987200736999512 22.08088493347168
4.028405666351318 5.919594466686249 10.996777534484863 25.187719345092773
5.805611610412598 8.822017252445221 10.918499946594238 23.836702346801758
5.23187255859375 8.252076268196106 9.542237281799316 20.810413360595703
3.8740594387054443 4.574542999267578 10.912371635437012 26.175207138061523
4.823866367340088 7.479745626449585 10.941904067993164 25.130878448486328
4.790680408477783 6.6916287541389465 10.356759071350098 23.33501625061035
4.586023807525635 6.974039316177368 11.22973346710205 25.205110549926758
4.9105424880981445 7.395785272121429 10.589662551879883 24.215232849121094
5.674508094787598 8.452506363391876 9.68395709991455 20.715726852416992
4.746807098388672 7.179240942001343 10.979430198669434 24.80259895324707
7.035894870758057 9.005317568778992 11.408517837524414 26.170059204101562
4.85749626159668 4.865128993988037 11.837042808532715 27.676589965820312
5.370786666870117 8.222832322120667 10.964205741882324 24.759695053100586
4.572691917419434 7.115782976150513 10.35776424407959 22.794639587402344
6.884509086608887 9.253337442874908 10.694957733154297 23.516706466674805
6.152270317077637 9.241945445537567 11.437163352966309 25.727575302124023
5.671452522277832 8.160452485084534 10.934821128845215 24.40363121032715
4.009834289550781 7.45120245218277 11.364618301391602 26.198352813720703
5.927701950073242 8.78190940618515 11.117743492126465 25.054622650146484
5.667386531829834 8.176085650920868 9.795684814453125 20.95339012145996
6.621401786804199 9.921110928058624 13.34023380279541 29.999065399169922
4.758322238922119 6.4298999309539795 9.119161605834961 19.05389976501465
6.534797668457031 8.255084216594696 9.948894500732422 22.11945343017578
5.2894182205200195 7.829249322414398 9.673853874206543 22.090518951416016
5.70282506942749 8.067617058753967 11.08976936340332 24.085973739624023
4.5585432052612305 5.744804918766022 11.032547950744629 24.258075714111328
5.753438949584961 7.418642997741699 11.521824836730957 25.010744094848633
5.168684005737305 6.903800845146179 9.602614402770996 21.58660125732422
4.980511665344238 7.55093389749527 10.841432571411133 24.271224975585938
4.9479265213012695 7.871472537517548 10.499377250671387 22.72588539123535
5.788424968719482 7.266054332256317 10.785568237304688 23.855112075805664
4.097326755523682 5.760092616081238 11.280189514160156 24.890165328979492
5.741430759429932 7.6060903668403625 10.578010559082031 23.405773162841797
4.660036563873291 6.211310982704163 10.813693046569824 24.55280113220215
5.844357490539551 8.551963031291962 12.351962089538574 27.26958656311035
5.783759117126465 7.731741368770599 11.662137985229492 26.32451629638672
5.025233268737793 7.619729042053223 10.734009742736816 23.24483871459961
6.455047130584717 9.211864233016968 8.756647109985352 19.038761138916016
4.416449546813965 6.442531406879425 9.8922119140625 22.372400283813477
4.935506820678711 4.929096817970276 9.320778846740723 21.5579891204834
4.736152172088623 6.8629414439201355 10.764469146728516 24.04168128967285
4.071994781494141 4.977533400058746 11.76901626586914 27.30984878540039
4.517280101776123 7.018705129623413 11.447205543518066 25.725839614868164
5.51107931137085 8.234993278980255 11.513984680175781 25.91435432434082
5.013424396514893 6.790560305118561 10.498226165771484 23.329362869262695
4.656244277954102 7.7175679206848145 11.616649627685547 26.53270721435547
3.9671478271484375 6.592959940433502 9.579243659973145 21.582536697387695
5.994497299194336 8.409830331802368 10.168254852294922 23.036836624145508
4.9884233474731445 7.820989012718201 10.303646087646484 22.11832618713379
5.159590244293213 7.5331613421440125 10.557352066040039 24.01338768005371
4.920930862426758 7.239323794841766 10.20190715789795 23.209203720092773
5.444401264190674 6.829285442829132 11.266640663146973 25.456331253051758
4.910600662231445 7.979764461517334 11.265412330627441 25.635229110717773
4.600174427032471 6.987509548664093 9.102208137512207 19.636934280395508
7.096249580383301 10.63520872592926 11.22093677520752 24.604656219482422
5.496667861938477 7.368564188480377 10.386516571044922 23.665592193603516
5.559906482696533 7.693313121795654 11.261911392211914 24.06926918029785
6.531826019287109 10.183029115200043 9.901716232299805 22.01075553894043
4.698679447174072 6.466300010681152 11.57103157043457 26.408008575439453
3.4190735816955566 5.502173125743866 11.012115478515625 24.91115951538086
6.122056007385254 8.026398420333862 11.106851577758789 24.44461441040039
5.08831787109375 7.363332808017731 10.716135025024414 22.823482513427734
5.675494194030762 8.364335179328918 11.408170700073242 25.335567474365234
6.882392406463623 10.682701289653778 11.122526168823242 24.768049240112305
5.493082046508789 7.78300940990448 10.814106941223145 24.89845085144043
6.165040969848633 8.496776819229126 9.873590469360352 21.941814422607422
4.865320205688477 6.485734403133392 10.46574878692627 23.638107299804688
4.470789909362793 5.951845169067383 9.891587257385254 22.67076873779297
5.800288677215576 8.887980341911316 9.345856666564941 20.998464584350586
6.367129325866699 8.62789261341095 10.332408905029297 23.256797790527344
5.4485273361206055 7.466086745262146 11.349308967590332 24.99798583984375
6.594358444213867 10.257220923900604 9.440311431884766 20.633039474487305
5.561545372009277 7.953047037124634 9.575540542602539 21.73949432373047
6.908527851104736 8.895415484905243 10.48271656036377 22.076324462890625
5.073874473571777 7.461412966251373 10.402689933776855 22.67153549194336
4.078845977783203 6.456287443637848 10.769582748413086 23.3334903717041
5.2431793212890625 6.974423825740814 11.505191802978516 26.011327743530273
4.988375663757324 7.484862565994263 12.108009338378906 26.787134170532227
4.644576549530029 7.070215046405792 12.409212112426758 28.917621612548828
4.152588844299316 6.1634005308151245 13.08609390258789 29.581369400024414
3.858156442642212 5.7455344796180725 11.1837739944458 25.70987319946289
4.792500019073486 6.480905473232269 10.721538543701172 24.10744857788086
5.767724990844727 7.878234922885895 12.639660835266113 27.843921661376953
4.413591384887695 5.045527219772339 10.129121780395508 22.842437744140625
5.238039016723633 6.804169058799744 10.549911499023438 23.895299911499023
4.067415714263916 6.06067419052124 12.278891563415527 27.98179054260254
3.408181667327881 6.123195707798004 10.82685375213623 24.498676300048828
4.468142509460449 6.360980153083801 9.305747985839844 20.548128128051758
4.829749584197998 5.934809982776642 10.583629608154297 24.010406494140625
5.213123798370361 7.261472940444946 11.293848991394043 26.038541793823242
5.3673601150512695 7.612038552761078 10.793169021606445 23.961698532104492
3.3875136375427246 5.063439786434174 9.722892761230469 22.906084060668945
5.1915082931518555 7.191627025604248 11.760427474975586 26.436981201171875
4.934389114379883 8.739765286445618 10.387925148010254 23.106321334838867
4.739558219909668 4.743404924869537 10.23117733001709 23.325037002563477
5.7295074462890625 7.837081491947174 10.660796165466309 23.80423927307129
5.091035842895508 6.517766296863556 10.734500885009766 22.474040985107422
4.120024681091309 6.379692018032074 12.220821380615234 26.796390533447266
4.920095920562744 7.144345164299011 11.896020889282227 25.81680679321289
4.386693954467773 4.827848374843597 9.996445655822754 22.892635345458984
4.335949897766113 7.033524394035339 10.963860511779785 25.624534606933594
6.052816390991211 9.32551234960556 10.365636825561523 22.687055587768555
4.225546836853027 6.30208021402359 10.644442558288574 23.78806495666504
5.8660888671875 8.221552073955536 10.624862670898438 23.095813751220703
{'mean': array([1.98678594, 1.97084237]), 'best': array([1.99011274, 2.01726803])}
4.913613319396973 7.583899736404419 10.15743350982666 21.608896255493164
3.5592896938323975 4.972995638847351 9.537834167480469 21.917482376098633
5.642562389373779 7.224205017089844 10.153010368347168 22.566070556640625
5.242651462554932 7.628633499145508 10.275691032409668 21.951881408691406
         8291346 function calls (8290964 primitive calls) in 234.625 seconds

   Ordered by: cumulative time
   List reduced from 602 to 40 due to restriction <40>

   ncalls  tottime  percall  cumtime  percall filename:lineno(function)
        1    0.000    0.000  234.625  234.625 /home/milesc/Thesis/opt_cel.py:210(main)
       86    0.020    0.000  234.081    2.722 /home/milesc/Thesis/opt_cel.py:122(run_scores_for_matrix)
        1    0.000    0.000  228.756  228.756 /home/milesc/Thesis/nomad.py:590(run)
        2    0.000    0.000  228.752  114.376 /home/milesc/Thesis/nomad.py:493(step_pure)
        2    0.000    0.000  228.751  114.376 /home/milesc/Thesis/nomad.py:466(_NOMAD_search)
        4    0.450    0.112  228.751   57.188 /home/milesc/Thesis/nomad.py:137(_nomad_local_search)
       24    0.000    0.000  228.301    9.513 /home/milesc/Thesis/nomad.py:172(blackbox_block)
       84    0.004    0.000  228.300    2.718 /home/milesc/Thesis/nomad.py:156(obj)
       84    0.001    0.000  228.295    2.718 /home/milesc/Thesis/opt_cel.py:273(objective_fn)
      344    0.060    0.000  222.938    0.648 /home/milesc/Thesis/network_stats/run_one.py:41(run_one)
2752/2408    0.027    0.000  132.438    0.055 /home/milesc/.conda/envs/cel/lib/python3.10/site-packages/torch/utils/_contextlib.py:117(decorate_context)
      688  101.784    0.148  111.572    0.162 /home/milesc/Thesis/network_stats/run_one.py:9(run_reservoir_with_pre)
   120400    7.590    0.000   76.289    0.001 /home/milesc/Thesis/network_stats/stats_util.py:30(ridge_fit_predict)
      344    1.717    0.005   75.240    0.219 /home/milesc/Thesis/network_stats/stats.py:77(compute_MC)
   120400   66.187    0.001   66.187    0.001 {built-in method torch._C._linalg.linalg_solve}
      344    1.000    0.003   18.458    0.054 /home/milesc/Thesis/network_stats/stats.py:5(compute_IPC)
     1720   16.934    0.010   16.934    0.010 {built-in method torch._C._linalg.linalg_svdvals}
   154800    6.116    0.000   12.460    0.000 /home/milesc/Thesis/network_stats/stats_util.py:81(r2_score)
      344    0.042    0.000   11.103    0.032 /home/milesc/Thesis/util/util.py:117(build_reservoir)
      688    9.333    0.014   10.882    0.016 /home/milesc/Thesis/util/util.py:257(spectral_radius_power)
      688    0.035    0.000    8.776    0.013 /home/milesc/Thesis/network_stats/stats_util.py:87(effective_rank)
      688    0.043    0.000    7.564    0.011 /home/milesc/Thesis/network_stats/stats_util.py:15(effective_rank_from_states)
  1720344    7.351    0.000    7.351    0.000 {built-in method torch.tanh}
      344    0.009    0.000    5.389    0.016 /home/milesc/Thesis/util/util.py:273(scale_to_sr)
      344    0.001    0.000    3.854    0.011 /home/milesc/Thesis/network_stats/stats.py:72(compute_KR)
      344    0.004    0.000    3.715    0.011 /home/milesc/Thesis/network_stats/stats.py:94(compute_GR)
   533888    0.319    0.000    3.634    0.000 /home/milesc/.conda/envs/cel/lib/python3.10/site-packages/torch/_tensor.py:33(wrapped)
  1720000    2.417    0.000    2.417    0.000 {method 'squeeze' of 'torch._C.TensorBase' objects}
   378744    2.156    0.000    2.156    0.000 {method 'pow' of 'torch._C.TensorBase' objects}
   120744    1.932    0.000    1.932    0.000 {built-in method torch.eye}
   313040    1.798    0.000    1.798    0.000 {built-in method torch.sum}
   103200    1.307    0.000    1.676    0.000 /home/milesc/Thesis/network_stats/stats_util.py:4(legendre_P)
   138288    0.107    0.000    1.533    0.000 /home/milesc/.conda/envs/cel/lib/python3.10/site-packages/torch/_tensor.py:881(norm)
   138288    0.371    0.000    1.410    0.000 /home/milesc/.conda/envs/cel/lib/python3.10/site-packages/torch/functional.py:1703(norm)
   157552    1.350    0.000    1.350    0.000 {method 'mean' of 'torch._C.TensorBase' objects}
      344    0.328    0.001    1.131    0.003 /home/milesc/Thesis/network_stats/run_one.py:24(controllability_erank)
   155144    0.089    0.000    1.083    0.000 /home/milesc/.conda/envs/cel/lib/python3.10/site-packages/torch/_tensor.py:1095(__rsub__)
   138288    1.023    0.000    1.023    0.000 {built-in method torch._C._linalg.linalg_vector_norm}
   155144    0.993    0.000    0.993    0.000 {built-in method torch.rsub}
   396632    0.381    0.000    0.393    0.000 {method 'to' of 'torch._C.TensorBase' objects}



