0.1
0.1 sign_test
0.1 sign_test
0.1 sign_test
0.1 sign_test
0.1 sign_test
0.1 sign_test
0.1 sign_test
0.1 sign_test
0.1 sign_test
0.1 sign_test
0.1 sign_test
0.1 sign_test
0.1 sign_test
0.1 sign_test
0.1 sign_test
0.1 sign_test
0.1 sign_test
0.1 sign_test
0.1 sign_test
0.1 sign_test
0.1 sign_test
0.1 sign_test
0.1 sign_test
0.1 sign_test
0.1 sign_test
0.1 sign_test
0.1 sign_test
0.1 sign_test
0.1 sign_test
0.1 sign_test
0.1 sign_test
0.1 sign_test
0.1 sign_test
0.1 sign_test
0.1 sign_test
0.1 sign_test
0.1 sign_test
0.1 sign_test
0.1 sign_test
0.1 sign_test
0.1 sign_test
0.1 sign_test
0.1 sign_test
0.1 sign_test
0.1 sign_test
0.1 sign_test
0.1 sign_test
0.1 sign_test
0.2
0.2 sign_test
0.2 sign_test
0.2 sign_test
0.2 sign_test
0.2 sign_test
0.2 sign_test
0.2 sign_test
0.2 sign_test
0.2 sign_test
0.2 sign_test
0.2 sign_test
0.2 sign_test
0.2 sign_test
0.2 sign_test
0.2 sign_test
0.2 sign_test
0.2 sign_test
0.2 sign_test
0.2 sign_test
0.2 sign_test
0.2 sign_test
0.2 sign_test
0.2 sign_test
0.2 sign_test
0.2 sign_test
0.2 sign_test
0.2 sign_test
0.2 sign_test
0.2 sign_test
0.2 sign_test
0.2 sign_test
0.2 sign_test
0.2 sign_test
0.2 sign_test
0.2 sign_test
0.2 sign_test
0.2 sign_test
0.2 sign_test
0.2 sign_test
0.2 sign_test
0.2 sign_test
0.2 sign_test
0.2 sign_test
0.2 sign_test
0.2 sign_test
0.2 sign_test
0.2 sign_test
0.2 sign_test
0.3
0.3 sign_test
0.3 sign_test
0.3 sign_test
0.3 sign_test
0.3 sign_test
0.3 sign_test
0.3 sign_test
0.3 sign_test
0.3 sign_test
0.3 sign_test
0.3 sign_test
0.3 sign_test
0.3 sign_test
0.3 sign_test
0.3 sign_test
0.3 sign_test
0.3 sign_test
0.3 sign_test
0.3 sign_test
0.3 sign_test
0.3 sign_test
0.3 sign_test
0.3 sign_test
0.3 sign_test
0.3 sign_test
0.3 sign_test
0.3 sign_test
0.3 sign_test
0.3 sign_test
0.3 sign_test
0.3 sign_test
0.3 sign_test
0.3 sign_test
0.3 sign_test
0.3 sign_test
0.3 sign_test
0.3 sign_test
0.3 sign_test
0.3 sign_test
0.3 sign_test
0.3 sign_test
0.3 sign_test
0.3 sign_test
0.3 sign_test
0.3 sign_test
0.3 sign_test
0.3 sign_test
0.3 sign_test

