Traceback (most recent call last):
  File "/home/milesc/Thesis/inv_arc_test.py", line 485, in <module>
    main()
  File "/home/milesc/Thesis/inv_arc_test.py", line 479, in main
    _run_job(args.job, append_start=False)
  File "/home/milesc/Thesis/inv_arc_test.py", line 424, in _run_job
    _run_and_save(
  File "/home/milesc/Thesis/inv_arc_test.py", line 157, in _run_and_save
    rows = run_variant(job_key, ctx)
  File "/home/milesc/Thesis/reservoir_variants.py", line 444, in run_variant
    return _run_variant_row(
  File "/home/milesc/Thesis/reservoir_variants.py", line 185, in _run_variant_row
    float(cosine_similarity(sigma_ce.reshape(1, -1),
  File "/home/milesc/.conda/envs/cel/lib/python3.10/site-packages/sklearn/utils/_param_validation.py", line 218, in wrapper
    return func(*args, **kwargs)
  File "/home/milesc/.conda/envs/cel/lib/python3.10/site-packages/sklearn/metrics/pairwise.py", line 1728, in cosine_similarity
    X, Y = check_pairwise_arrays(X, Y)
  File "/home/milesc/.conda/envs/cel/lib/python3.10/site-packages/sklearn/metrics/pairwise.py", line 181, in check_pairwise_arrays
    X, Y, dtype_float = _return_float_dtype(X, Y)
  File "/home/milesc/.conda/envs/cel/lib/python3.10/site-packages/sklearn/metrics/pairwise.py", line 57, in _return_float_dtype
    X = np.asarray(X)
  File "/home/milesc/.conda/envs/cel/lib/python3.10/site-packages/torch/_tensor.py", line 1226, in __array__
    return self.numpy()
TypeError: can't convert cuda:0 device type tensor to numpy. Use Tensor.cpu() to copy the tensor to host memory first.

ERROR conda.cli.main_run:execute(49): `conda run python inv_arc_test.py --job weight_test --out-dir experiment_full_chunks/chunk_19 --ce-adj Connectome/ce_adj.npy --ce-ei Connectome/ce_ei.npy --src-tag chunk_19 --seed 12345 --sid 0 --split 1 --rank 0 --n-repeats 50 --repeat-split 20 --repeat-rank 19 --repeat-seed-stride 100000 --ws-p 0.1 --er-p 0.1 --cuda 0 --alpha 0.0 1.0 5.0 10.0 100.0 1000.0` failed. (See above for error)
