(299,)
299
err
err
err
err
err
err
err
err
err
err
err
err
err
err
err
err
err
err
err
err
err
err
err
err
err
err
err
err
err
err
err
err
err
err
err
err
err
err
err
err
err
err
err
err
err
err
err
err
err
err
err
err
err
err
err
err
err
err
err
err
err
err
err
err
err
err
err
err
err
err
err
err
err
err
err
err
err
err
err
err
err
err
err
err
err
err
err
err
err
err
err
err
err
err
err
err
err
err
err
err
err
err
err
err
err
err
err
err
err
err
err
err
err
err
err
err
err
err
err
err
err
err
err
err
err
err
err
err
err
err
err
err
err
err
err
err
err
err
err
err
err
err
err
err
err
err
err
err
err
err
err
err
err
err
err
err
err
err
err
err
err
err
err
err
err
err
err
err
err
err
err
err
err
err
err
err
err
err
err
err
err
err
err
err
err
err
err
err
err
err
err
err
err
err
err
err
err
err
err
err
err
err
err
err
err
err
err
err
err
err
err
err
err
err
err
err
err
err
err
err
err
err
err
err
err
err
err
err
err
err
err
err
err
err
err
err
err
err
err
err
err
err
err
err
err
err
err
err
err
err
err
err
err
err
err
err
err
err
err
err
err
err
err
err
err
err
err
err
err
err
270 7 20 297

Done.
